c:\Users\EMUDHRA-HENDRY\source\repos\DarkEngine3D_gl_csharp\Engine\Visual\BillboardManager.cs(682,66): warning CS8625: Cannot convert null literal to non-nullable reference type. [c:\Users\EMUDHRA-HENDRY\source\repos\DarkEngine3D_gl_csharp\DarkEngine3D_gl_csharp.csproj]
c:\Users\EMUDHRA-HENDRY\source\repos\DarkEngine3D_gl_csharp\Engine\Objects\ObjectManager.cs(623,65): warning CS8625: Cannot convert null literal to non-nullable reference type. [c:\Users\EMUDHRA-HENDRY\source\repos\DarkEngine3D_gl_csharp\DarkEngine3D_gl_csharp.csproj]
c:\Users\EMUDHRA-HENDRY\source\repos\DarkEngine3D_gl_csharp\Engine\Objects\StaticObjectManager.cs(793,65): warning CS8625: Cannot convert null literal to non-nullable reference type. [c:\Users\EMUDHRA-HENDRY\source\repos\DarkEngine3D_gl_csharp\DarkEngine3D_gl_csharp.csproj]
c:\Users\EMUDHRA-HENDRY\source\repos\DarkEngine3D_gl_csharp\Engine\Visual\FramebufferViewer.cs(12,16): warning CS8618: Non-nullable field '_shader' must contain a non-null value when exiting constructor. Consider adding the 'required' modifier or declaring the field as nullable. [c:\Users\EMUDHRA-HENDRY\source\repos\DarkEngine3D_gl_csharp\DarkEngine3D_gl_csharp.csproj]
c:\Users\EMUDHRA-HENDRY\source\repos\DarkEngine3D_gl_csharp\Engine\Visual\Camera.cs(70,46): warning CS8603: Possible null reference return. [c:\Users\EMUDHRA-HENDRY\source\repos\DarkEngine3D_gl_csharp\DarkEngine3D_gl_csharp.csproj]
c:\Users\EMUDHRA-HENDRY\source\repos\DarkEngine3D_gl_csharp\Engine\Objects\StaticObjectManager.cs(175,16): warning CS8618: Non-nullable field '_gridCells' must contain a non-null value when exiting constructor. Consider adding the 'required' modifier or declaring the field as nullable. [c:\Users\EMUDHRA-HENDRY\source\repos\DarkEngine3D_gl_csharp\DarkEngine3D_gl_csharp.csproj]
c:\Users\EMUDHRA-HENDRY\source\repos\DarkEngine3D_gl_csharp\Engine\Helpers\Helpers.cs(596,20): warning CS8618: Non-nullable field 'MeshToNode' must contain a non-null value when exiting constructor. Consider adding the 'required' modifier or declaring the field as nullable. [c:\Users\EMUDHRA-HENDRY\source\repos\DarkEngine3D_gl_csharp\DarkEngine3D_gl_csharp.csproj]
c:\Users\EMUDHRA-HENDRY\source\repos\DarkEngine3D_gl_csharp\Engine\Objects\CharacterAgent.cs(159,16): warning CS8618: Non-nullable field '_idleClips' must contain a non-null value when exiting constructor. Consider adding the 'required' modifier or declaring the field as nullable. [c:\Users\EMUDHRA-HENDRY\source\repos\DarkEngine3D_gl_csharp\DarkEngine3D_gl_csharp.csproj]
c:\Users\EMUDHRA-HENDRY\source\repos\DarkEngine3D_gl_csharp\Engine\Objects\CharacterAgent.cs(159,16): warning CS8618: Non-nullable field '_currentBackwardClip' must contain a non-null value when exiting constructor. Consider adding the 'required' modifier or declaring the field as nullable. [c:\Users\EMUDHRA-HENDRY\source\repos\DarkEngine3D_gl_csharp\DarkEngine3D_gl_csharp.csproj]
c:\Users\EMUDHRA-HENDRY\source\repos\DarkEngine3D_gl_csharp\Engine\Objects\CharacterAgent.cs(159,16): warning CS8618: Non-nullable field '_currentWalkingClip' must contain a non-null value when exiting constructor. Consider adding the 'required' modifier or declaring the field as nullable. [c:\Users\EMUDHRA-HENDRY\source\repos\DarkEngine3D_gl_csharp\DarkEngine3D_gl_csharp.csproj]
c:\Users\EMUDHRA-HENDRY\source\repos\DarkEngine3D_gl_csharp\Engine\Objects\CharacterAgent.cs(159,16): warning CS8618: Non-nullable field '_currentRunClip' must contain a non-null value when exiting constructor. Consider adding the 'required' modifier or declaring the field as nullable. [c:\Users\EMUDHRA-HENDRY\source\repos\DarkEngine3D_gl_csharp\DarkEngine3D_gl_csharp.csproj]
c:\Users\EMUDHRA-HENDRY\source\repos\DarkEngine3D_gl_csharp\Engine\Terrains\MapLoader.cs(108,42): warning CS8602: Dereference of a possibly null reference. [c:\Users\EMUDHRA-HENDRY\source\repos\DarkEngine3D_gl_csharp\DarkEngine3D_gl_csharp.csproj]
c:\Users\EMUDHRA-HENDRY\source\repos\DarkEngine3D_gl_csharp\Engine\Objects\StaticObjectManager.cs(377,33): warning CS8600: Converting null literal or possible null value to non-nullable type. [c:\Users\EMUDHRA-HENDRY\source\repos\DarkEngine3D_gl_csharp\DarkEngine3D_gl_csharp.csproj]
c:\Users\EMUDHRA-HENDRY\source\repos\DarkEngine3D_gl_csharp\Engine\IDE\IDE.cs(116,12): warning CS8618: Non-nullable field '_modelEditor' must contain a non-null value when exiting constructor. Consider adding the 'required' modifier or declaring the field as nullable. [c:\Users\EMUDHRA-HENDRY\source\repos\DarkEngine3D_gl_csharp\DarkEngine3D_gl_csharp.csproj]
c:\Users\EMUDHRA-HENDRY\source\repos\DarkEngine3D_gl_csharp\Engine\Scene\GameScene.cs(388,21): warning CS8602: Dereference of a possibly null reference. [c:\Users\EMUDHRA-HENDRY\source\repos\DarkEngine3D_gl_csharp\DarkEngine3D_gl_csharp.csproj]
c:\Users\EMUDHRA-HENDRY\source\repos\DarkEngine3D_gl_csharp\Engine\Objects\CharacterAgent.cs(869,24): warning CS8602: Dereference of a possibly null reference. [c:\Users\EMUDHRA-HENDRY\source\repos\DarkEngine3D_gl_csharp\DarkEngine3D_gl_csharp.csproj]
c:\Users\EMUDHRA-HENDRY\source\repos\DarkEngine3D_gl_csharp\Engine\Objects\CharacterAgent.cs(878,24): warning CS8602: Dereference of a possibly null reference. [c:\Users\EMUDHRA-HENDRY\source\repos\DarkEngine3D_gl_csharp\DarkEngine3D_gl_csharp.csproj]
c:\Users\EMUDHRA-HENDRY\source\repos\DarkEngine3D_gl_csharp\Engine\Objects\CharacterAgent.cs(923,19): warning CS8602: Dereference of a possibly null reference. [c:\Users\EMUDHRA-HENDRY\source\repos\DarkEngine3D_gl_csharp\DarkEngine3D_gl_csharp.csproj]
c:\Users\EMUDHRA-HENDRY\source\repos\DarkEngine3D_gl_csharp\Engine\Scene\GameScene.cs(715,53): warning CS8604: Possible null reference argument for parameter 'gameTerrainChunk' in 'void Camera.SetCamera(nint window, Vector3 position, TerrainChunk gameTerrainChunk, float dt, List<StaticObjectManager>? staticManagers = null, bool processInput = true)'. [c:\Users\EMUDHRA-HENDRY\source\repos\DarkEngine3D_gl_csharp\DarkEngine3D_gl_csharp.csproj]
c:\Users\EMUDHRA-HENDRY\source\repos\DarkEngine3D_gl_csharp\Engine\IDE\Panels\HierarchyPanel.cs(226,70): warning CS8602: Dereference of a possibly null reference. [c:\Users\EMUDHRA-HENDRY\source\repos\DarkEngine3D_gl_csharp\DarkEngine3D_gl_csharp.csproj]
c:\Users\EMUDHRA-HENDRY\source\repos\DarkEngine3D_gl_csharp\Engine\Scene\MainMenuScene.cs(311,9): warning CS8602: Dereference of a possibly null reference. [c:\Users\EMUDHRA-HENDRY\source\repos\DarkEngine3D_gl_csharp\DarkEngine3D_gl_csharp.csproj]
c:\Users\EMUDHRA-HENDRY\source\repos\DarkEngine3D_gl_csharp\Engine\Scene\GameScene.cs(967,21): warning CS8602: Dereference of a possibly null reference. [c:\Users\EMUDHRA-HENDRY\source\repos\DarkEngine3D_gl_csharp\DarkEngine3D_gl_csharp.csproj]
c:\Users\EMUDHRA-HENDRY\source\repos\DarkEngine3D_gl_csharp\Engine\Scene\GameScene.cs(1033,25): warning CS8602: Dereference of a possibly null reference. [c:\Users\EMUDHRA-HENDRY\source\repos\DarkEngine3D_gl_csharp\DarkEngine3D_gl_csharp.csproj]
c:\Users\EMUDHRA-HENDRY\source\repos\DarkEngine3D_gl_csharp\Engine\Scene\GameScene.cs(1039,25): warning CS8602: Dereference of a possibly null reference. [c:\Users\EMUDHRA-HENDRY\source\repos\DarkEngine3D_gl_csharp\DarkEngine3D_gl_csharp.csproj]
c:\Users\EMUDHRA-HENDRY\source\repos\DarkEngine3D_gl_csharp\Engine\Scene\GameScene.cs(1045,25): warning CS8602: Dereference of a possibly null reference. [c:\Users\EMUDHRA-HENDRY\source\repos\DarkEngine3D_gl_csharp\DarkEngine3D_gl_csharp.csproj]
c:\Users\EMUDHRA-HENDRY\source\repos\DarkEngine3D_gl_csharp\Engine\Scene\GameScene.cs(1096,80): warning CS8604: Possible null reference argument for parameter 'camera' in 'void TerrainChunk.DrawAABBWireframe(AABB aabb, Vector3 color, Camera camera)'. [c:\Users\EMUDHRA-HENDRY\source\repos\DarkEngine3D_gl_csharp\DarkEngine3D_gl_csharp.csproj]
c:\Users\EMUDHRA-HENDRY\source\repos\DarkEngine3D_gl_csharp\Engine\Scene\GameScene.cs(1107,91): warning CS8604: Possible null reference argument for parameter 'camera' in 'void TerrainChunk.DrawAABBWireframe(AABB aabb, Vector3 color, Camera camera)'. [c:\Users\EMUDHRA-HENDRY\source\repos\DarkEngine3D_gl_csharp\DarkEngine3D_gl_csharp.csproj]
c:\Users\EMUDHRA-HENDRY\source\repos\DarkEngine3D_gl_csharp\Engine\Scene\GameScene.cs(1127,39): warning CS8602: Dereference of a possibly null reference. [c:\Users\EMUDHRA-HENDRY\source\repos\DarkEngine3D_gl_csharp\DarkEngine3D_gl_csharp.csproj]
c:\Users\EMUDHRA-HENDRY\source\repos\DarkEngine3D_gl_csharp\Engine\Scene\GameScene.cs(1137,35): warning CS8604: Possible null reference argument for parameter 'source' in 'int Enumerable.Sum<StaticObjectManager>(IEnumerable<StaticObjectManager> source, Func<StaticObjectManager, int> selector)'. [c:\Users\EMUDHRA-HENDRY\source\repos\DarkEngine3D_gl_csharp\DarkEngine3D_gl_csharp.csproj]
c:\Users\EMUDHRA-HENDRY\source\repos\DarkEngine3D_gl_csharp\Engine\Scene\GameScene.cs(1184,13): warning CS8602: Dereference of a possibly null reference. [c:\Users\EMUDHRA-HENDRY\source\repos\DarkEngine3D_gl_csharp\DarkEngine3D_gl_csharp.csproj]
c:\Users\EMUDHRA-HENDRY\source\repos\DarkEngine3D_gl_csharp\Engine\Scene\GameScene.cs(1232,13): warning CS8602: Dereference of a possibly null reference. [c:\Users\EMUDHRA-HENDRY\source\repos\DarkEngine3D_gl_csharp\DarkEngine3D_gl_csharp.csproj]
c:\Users\EMUDHRA-HENDRY\source\repos\DarkEngine3D_gl_csharp\Engine\Objects\StaticObjectManager.cs(961,33): warning CS8602: Dereference of a possibly null reference. [c:\Users\EMUDHRA-HENDRY\source\repos\DarkEngine3D_gl_csharp\DarkEngine3D_gl_csharp.csproj]
c:\Users\EMUDHRA-HENDRY\source\repos\DarkEngine3D_gl_csharp\Engine\Objects\StaticObjectManager.cs(1068,25): warning CS8602: Dereference of a possibly null reference. [c:\Users\EMUDHRA-HENDRY\source\repos\DarkEngine3D_gl_csharp\DarkEngine3D_gl_csharp.csproj]
c:\Users\EMUDHRA-HENDRY\source\repos\DarkEngine3D_gl_csharp\Engine\Objects\StaticObjectManager.cs(1194,51): warning CS8604: Possible null reference argument for parameter 'csm' in 'void BillboardManager.Flush(Camera camera, Lights light, CSM csm = null)'. [c:\Users\EMUDHRA-HENDRY\source\repos\DarkEngine3D_gl_csharp\DarkEngine3D_gl_csharp.csproj]
c:\Users\EMUDHRA-HENDRY\source\repos\DarkEngine3D_gl_csharp\Engine\IDE\Panels\HierarchyPanel.cs(509,34): warning CS8602: Dereference of a possibly null reference. [c:\Users\EMUDHRA-HENDRY\source\repos\DarkEngine3D_gl_csharp\DarkEngine3D_gl_csharp.csproj]
c:\Users\EMUDHRA-HENDRY\source\repos\DarkEngine3D_gl_csharp\Engine\Objects\GltfMeshSimplifier.cs(80,33): warning CS8602: Dereference of a possibly null reference. [c:\Users\EMUDHRA-HENDRY\source\repos\DarkEngine3D_gl_csharp\DarkEngine3D_gl_csharp.csproj]
c:\Users\EMUDHRA-HENDRY\source\repos\DarkEngine3D_gl_csharp\Engine\Scene\GameScene.cs(1482,13): warning CS8602: Dereference of a possibly null reference. [c:\Users\EMUDHRA-HENDRY\source\repos\DarkEngine3D_gl_csharp\DarkEngine3D_gl_csharp.csproj]
c:\Users\EMUDHRA-HENDRY\source\repos\DarkEngine3D_gl_csharp\Engine\Scene\MainMenuScene.cs(1182,15): warning CS0219: The variable 'gridSpacing' is assigned but its value is never used [c:\Users\EMUDHRA-HENDRY\source\repos\DarkEngine3D_gl_csharp\DarkEngine3D_gl_csharp.csproj]
c:\Users\EMUDHRA-HENDRY\source\repos\DarkEngine3D_gl_csharp\Engine\Objects\Object3D.cs(40,16): warning CS8618: Non-nullable field 'localVertices' must contain a non-null value when exiting constructor. Consider adding the 'required' modifier or declaring the field as nullable. [c:\Users\EMUDHRA-HENDRY\source\repos\DarkEngine3D_gl_csharp\DarkEngine3D_gl_csharp.csproj]
c:\Users\EMUDHRA-HENDRY\source\repos\DarkEngine3D_gl_csharp\Engine\Scene\GameScene.cs(1623,13): warning CS8602: Dereference of a possibly null reference. [c:\Users\EMUDHRA-HENDRY\source\repos\DarkEngine3D_gl_csharp\DarkEngine3D_gl_csharp.csproj]
c:\Users\EMUDHRA-HENDRY\source\repos\DarkEngine3D_gl_csharp\Engine\IDE\Panels\ViewportPanel.cs(1798,43): warning CS8602: Dereference of a possibly null reference. [c:\Users\EMUDHRA-HENDRY\source\repos\DarkEngine3D_gl_csharp\DarkEngine3D_gl_csharp.csproj]
c:\Users\EMUDHRA-HENDRY\source\repos\DarkEngine3D_gl_csharp\Engine\IDE\Panels\ViewportPanel.cs(1813,34): warning CS8602: Dereference of a possibly null reference. [c:\Users\EMUDHRA-HENDRY\source\repos\DarkEngine3D_gl_csharp\DarkEngine3D_gl_csharp.csproj]
c:\Users\EMUDHRA-HENDRY\source\repos\DarkEngine3D_gl_csharp\Engine\Objects\StaticObjectManager.cs(167,37): warning CS8618: Non-nullable field 'Gpu' must contain a non-null value when exiting constructor. Consider adding the 'required' modifier or declaring the field as nullable. [c:\Users\EMUDHRA-HENDRY\source\repos\DarkEngine3D_gl_csharp\DarkEngine3D_gl_csharp.csproj]
c:\Users\EMUDHRA-HENDRY\source\repos\DarkEngine3D_gl_csharp\Engine\Objects\ObjectManager.cs(96,16): warning CS8618: Non-nullable field 'PlayerAgent' must contain a non-null value when exiting constructor. Consider adding the 'required' modifier or declaring the field as nullable. [c:\Users\EMUDHRA-HENDRY\source\repos\DarkEngine3D_gl_csharp\DarkEngine3D_gl_csharp.csproj]
c:\Users\EMUDHRA-HENDRY\source\repos\DarkEngine3D_gl_csharp\Engine\Objects\ObjectManager.cs(96,16): warning CS8618: Non-nullable field 'PlayerObject' must contain a non-null value when exiting constructor. Consider adding the 'required' modifier or declaring the field as nullable. [c:\Users\EMUDHRA-HENDRY\source\repos\DarkEngine3D_gl_csharp\DarkEngine3D_gl_csharp.csproj]
c:\Users\EMUDHRA-HENDRY\source\repos\DarkEngine3D_gl_csharp\Engine\IDE\Panels\HierarchyPanel.cs(1041,13): warning CS8602: Dereference of a possibly null reference. [c:\Users\EMUDHRA-HENDRY\source\repos\DarkEngine3D_gl_csharp\DarkEngine3D_gl_csharp.csproj]
c:\Users\EMUDHRA-HENDRY\source\repos\DarkEngine3D_gl_csharp\Engine\IDE\Panels\InspectorPanel.cs(925,23): warning CS8629: Nullable value type may be null. [c:\Users\EMUDHRA-HENDRY\source\repos\DarkEngine3D_gl_csharp\DarkEngine3D_gl_csharp.csproj]
c:\Users\EMUDHRA-HENDRY\source\repos\DarkEngine3D_gl_csharp\Engine\Objects\ObjectManager.cs(592,49): warning CS8602: Dereference of a possibly null reference. [c:\Users\EMUDHRA-HENDRY\source\repos\DarkEngine3D_gl_csharp\DarkEngine3D_gl_csharp.csproj]
c:\Users\EMUDHRA-HENDRY\source\repos\DarkEngine3D_gl_csharp\Engine\Objects\ObjectManager.cs(755,53): warning CS8604: Possible null reference argument for parameter 'csm' in 'void StaticObjectManager.Draw(Camera camera, Lights light, CSM csm = null, Matrix4x4? frozenViewProj = null, bool cullFreezeEnabled = false)'. [c:\Users\EMUDHRA-HENDRY\source\repos\DarkEngine3D_gl_csharp\DarkEngine3D_gl_csharp.csproj]
c:\Users\EMUDHRA-HENDRY\source\repos\DarkEngine3D_gl_csharp\Engine\Objects\ObjectManager.cs(757,53): warning CS8604: Possible null reference argument for parameter 'csm' in 'void StaticObjectManager.Draw(Camera camera, Lights light, CSM csm = null, Matrix4x4? frozenViewProj = null, bool cullFreezeEnabled = false)'. [c:\Users\EMUDHRA-HENDRY\source\repos\DarkEngine3D_gl_csharp\DarkEngine3D_gl_csharp.csproj]
c:\Users\EMUDHRA-HENDRY\source\repos\DarkEngine3D_gl_csharp\Engine\IDE\Panels\HierarchyPanel.cs(1852,13): warning CS8602: Dereference of a possibly null reference. [c:\Users\EMUDHRA-HENDRY\source\repos\DarkEngine3D_gl_csharp\DarkEngine3D_gl_csharp.csproj]
c:\Users\EMUDHRA-HENDRY\source\repos\DarkEngine3D_gl_csharp\Engine\Objects\GltfObject.cs(1030,40): warning CS8602: Dereference of a possibly null reference. [c:\Users\EMUDHRA-HENDRY\source\repos\DarkEngine3D_gl_csharp\DarkEngine3D_gl_csharp.csproj]
c:\Users\EMUDHRA-HENDRY\source\repos\DarkEngine3D_gl_csharp\Engine\Libs\Shader.cs(17,21): warning CS0649: Field 'Shader.rainOverlayShaderProgram' is never assigned to, and will always have its default value 0 [c:\Users\EMUDHRA-HENDRY\source\repos\DarkEngine3D_gl_csharp\DarkEngine3D_gl_csharp.csproj]
c:\Users\EMUDHRA-HENDRY\source\repos\DarkEngine3D_gl_csharp\Engine\Libs\Shader.cs(18,21): warning CS0649: Field 'Shader.rainGlassShaderProgram' is never assigned to, and will always have its default value 0 [c:\Users\EMUDHRA-HENDRY\source\repos\DarkEngine3D_gl_csharp\DarkEngine3D_gl_csharp.csproj]
c:\Users\EMUDHRA-HENDRY\source\repos\DarkEngine3D_gl_csharp\Engine\Objects\CharacterAgent.cs(95,39): warning CS0169: The field 'CharacterAgent._idleClips' is never used [c:\Users\EMUDHRA-HENDRY\source\repos\DarkEngine3D_gl_csharp\DarkEngine3D_gl_csharp.csproj]
c:\Users\EMUDHRA-HENDRY\source\repos\DarkEngine3D_gl_csharp\Engine\Libs\Shader.cs(16,21): warning CS0649: Field 'Shader.rainStreakShaderProgram' is never assigned to, and will always have its default value 0 [c:\Users\EMUDHRA-HENDRY\source\repos\DarkEngine3D_gl_csharp\DarkEngine3D_gl_csharp.csproj]
c:\Users\EMUDHRA-HENDRY\source\repos\DarkEngine3D_gl_csharp\Engine\Objects\ObjectManager.cs(45,30): warning CS0649: Field 'ObjectManager._useSkinningLoc' is never assigned to, and will always have its default value 0 [c:\Users\EMUDHRA-HENDRY\source\repos\DarkEngine3D_gl_csharp\DarkEngine3D_gl_csharp.csproj]
c:\Users\EMUDHRA-HENDRY\source\repos\DarkEngine3D_gl_csharp\Engine\Objects\CharacterAgent.cs(940,22): warning CS0414: The field 'CharacterAgent._blockPlaying' is assigned but its value is never used [c:\Users\EMUDHRA-HENDRY\source\repos\DarkEngine3D_gl_csharp\DarkEngine3D_gl_csharp.csproj]
c:\Users\EMUDHRA-HENDRY\source\repos\DarkEngine3D_gl_csharp\Engine\Objects\CharacterAgent.cs(939,22): warning CS0414: The field 'CharacterAgent._punchPlaying' is assigned but its value is never used [c:\Users\EMUDHRA-HENDRY\source\repos\DarkEngine3D_gl_csharp\DarkEngine3D_gl_csharp.csproj]
c:\Users\EMUDHRA-HENDRY\source\repos\DarkEngine3D_gl_csharp\Engine\Inputs\Keyboard.cs(45,25): warning CS0414: The field 'Keyboard.travelStartPos' is assigned but its value is never used [c:\Users\EMUDHRA-HENDRY\source\repos\DarkEngine3D_gl_csharp\DarkEngine3D_gl_csharp.csproj]
c:\Users\EMUDHRA-HENDRY\source\repos\DarkEngine3D_gl_csharp\Engine\Inputs\Keyboard.cs(48,20): warning CS0414: The field 'Keyboard.travelMeasureKey' is assigned but its value is never used [c:\Users\EMUDHRA-HENDRY\source\repos\DarkEngine3D_gl_csharp\DarkEngine3D_gl_csharp.csproj]
c:\Users\EMUDHRA-HENDRY\source\repos\DarkEngine3D_gl_csharp\Engine\Inputs\Keyboard.cs(16,22): warning CS0414: The field 'Keyboard.speedCam' is assigned but its value is never used [c:\Users\EMUDHRA-HENDRY\source\repos\DarkEngine3D_gl_csharp\DarkEngine3D_gl_csharp.csproj]
c:\Users\EMUDHRA-HENDRY\source\repos\DarkEngine3D_gl_csharp\Engine\Inputs\Keyboard.cs(44,27): warning CS0414: The field 'Keyboard.travelStopwatch' is assigned but its value is never used [c:\Users\EMUDHRA-HENDRY\source\repos\DarkEngine3D_gl_csharp\DarkEngine3D_gl_csharp.csproj]
c:\Users\EMUDHRA-HENDRY\source\repos\DarkEngine3D_gl_csharp\Engine\Objects\EditorObject.cs(56,17): warning CS0414: The field 'EditorObject._modelLoc' is assigned but its value is never used [c:\Users\EMUDHRA-HENDRY\source\repos\DarkEngine3D_gl_csharp\DarkEngine3D_gl_csharp.csproj]
c:\Users\EMUDHRA-HENDRY\source\repos\DarkEngine3D_gl_csharp\Engine\Objects\EditorObject.cs(57,34): warning CS0414: The field 'EditorObject._lightColorLoc' is assigned but its value is never used [c:\Users\EMUDHRA-HENDRY\source\repos\DarkEngine3D_gl_csharp\DarkEngine3D_gl_csharp.csproj]
c:\Users\EMUDHRA-HENDRY\source\repos\DarkEngine3D_gl_csharp\Engine\Scene\MainMenuScene.cs(96,17): warning CS0414: The field 'MainMenuScene._exitConfirmSelection' is assigned but its value is never used [c:\Users\EMUDHRA-HENDRY\source\repos\DarkEngine3D_gl_csharp\DarkEngine3D_gl_csharp.csproj]
c:\Users\EMUDHRA-HENDRY\source\repos\DarkEngine3D_gl_csharp\Engine\Objects\CharacterAgent.cs(947,22): warning CS0414: The field 'CharacterAgent._currentGait' is assigned but its value is never used [c:\Users\EMUDHRA-HENDRY\source\repos\DarkEngine3D_gl_csharp\DarkEngine3D_gl_csharp.csproj]
c:\Users\EMUDHRA-HENDRY\source\repos\DarkEngine3D_gl_csharp\Engine\Objects\EditorObject.cs(56,48): warning CS0414: The field 'EditorObject._projLoc' is assigned but its value is never used [c:\Users\EMUDHRA-HENDRY\source\repos\DarkEngine3D_gl_csharp\DarkEngine3D_gl_csharp.csproj]
c:\Users\EMUDHRA-HENDRY\source\repos\DarkEngine3D_gl_csharp\Engine\Objects\EditorObject.cs(57,17): warning CS0414: The field 'EditorObject._sunDirLoc' is assigned but its value is never used [c:\Users\EMUDHRA-HENDRY\source\repos\DarkEngine3D_gl_csharp\DarkEngine3D_gl_csharp.csproj]
c:\Users\EMUDHRA-HENDRY\source\repos\DarkEngine3D_gl_csharp\Engine\Visual\Skybox.cs(61,23): warning CS0414: The field 'Skybox.exposureState' is assigned but its value is never used [c:\Users\EMUDHRA-HENDRY\source\repos\DarkEngine3D_gl_csharp\DarkEngine3D_gl_csharp.csproj]
c:\Users\EMUDHRA-HENDRY\source\repos\DarkEngine3D_gl_csharp\Engine\Objects\CharacterAgent.cs(937,27): warning CS0414: The field 'CharacterAgent._animState' is assigned but its value is never used [c:\Users\EMUDHRA-HENDRY\source\repos\DarkEngine3D_gl_csharp\DarkEngine3D_gl_csharp.csproj]
c:\Users\EMUDHRA-HENDRY\source\repos\DarkEngine3D_gl_csharp\Engine\Objects\EditorObject.cs(56,33): warning CS0414: The field 'EditorObject._viewLoc' is assigned but its value is never used [c:\Users\EMUDHRA-HENDRY\source\repos\DarkEngine3D_gl_csharp\DarkEngine3D_gl_csharp.csproj]
c:\Users\EMUDHRA-HENDRY\source\repos\DarkEngine3D_gl_csharp\Engine\Config\Config.cs(226,39): warning CS0414: The field 'PlayerConfig._verticalVelocity' is assigned but its value is never used [c:\Users\EMUDHRA-HENDRY\source\repos\DarkEngine3D_gl_csharp\DarkEngine3D_gl_csharp.csproj]
c:\Users\EMUDHRA-HENDRY\source\repos\DarkEngine3D_gl_csharp\Engine\Inputs\Keyboard.cs(46,25): warning CS0414: The field 'Keyboard.travelTargetPos' is assigned but its value is never used [c:\Users\EMUDHRA-HENDRY\source\repos\DarkEngine3D_gl_csharp\DarkEngine3D_gl_csharp.csproj]
c:\Users\EMUDHRA-HENDRY\source\repos\DarkEngine3D_gl_csharp\Engine\Scene\MainMenuScene.cs(100,17): warning CS0414: The field 'MainMenuScene._settingsLastHoveredRow' is assigned but its value is never used [c:\Users\EMUDHRA-HENDRY\source\repos\DarkEngine3D_gl_csharp\DarkEngine3D_gl_csharp.csproj]
c:\Users\EMUDHRA-HENDRY\source\repos\DarkEngine3D_gl_csharp\Engine\Objects\EditorObject.cs(58,34): warning CS0414: The field 'EditorObject._fogColorLoc' is assigned but its value is never used [c:\Users\EMUDHRA-HENDRY\source\repos\DarkEngine3D_gl_csharp\DarkEngine3D_gl_csharp.csproj]
c:\Users\EMUDHRA-HENDRY\source\repos\DarkEngine3D_gl_csharp\Engine\Objects\EditorObject.cs(57,55): warning CS0414: The field 'EditorObject._viewPosLoc' is assigned but its value is never used [c:\Users\EMUDHRA-HENDRY\source\repos\DarkEngine3D_gl_csharp\DarkEngine3D_gl_csharp.csproj]
c:\Users\EMUDHRA-HENDRY\source\repos\DarkEngine3D_gl_csharp\Engine\Objects\EditorObject.cs(58,17): warning CS0414: The field 'EditorObject._useFogLoc' is assigned but its value is never used [c:\Users\EMUDHRA-HENDRY\source\repos\DarkEngine3D_gl_csharp\DarkEngine3D_gl_csharp.csproj]
c:\Users\EMUDHRA-HENDRY\source\repos\DarkEngine3D_gl_csharp\Engine\Inputs\Keyboard.cs(47,21): warning CS0414: The field 'Keyboard.isMeasuringTravel' is assigned but its value is never used [c:\Users\EMUDHRA-HENDRY\source\repos\DarkEngine3D_gl_csharp\DarkEngine3D_gl_csharp.csproj]
  DarkEngine3D_gl_csharp -> c:\Users\EMUDHRA-HENDRY\source\repos\DarkEngine3D_gl_csharp\bin\Debug\net9.0\DarkEngine3D_gl_csharp.dll

Build succeeded.

c:\Users\EMUDHRA-HENDRY\source\repos\DarkEngine3D_gl_csharp\Engine\Visual\BillboardManager.cs(682,66): warning CS8625: Cannot convert null literal to non-nullable reference type. [c:\Users\EMUDHRA-HENDRY\source\repos\DarkEngine3D_gl_csharp\DarkEngine3D_gl_csharp.csproj]
c:\Users\EMUDHRA-HENDRY\source\repos\DarkEngine3D_gl_csharp\Engine\Objects\ObjectManager.cs(623,65): warning CS8625: Cannot convert null literal to non-nullable reference type. [c:\Users\EMUDHRA-HENDRY\source\repos\DarkEngine3D_gl_csharp\DarkEngine3D_gl_csharp.csproj]
c:\Users\EMUDHRA-HENDRY\source\repos\DarkEngine3D_gl_csharp\Engine\Objects\StaticObjectManager.cs(793,65): warning CS8625: Cannot convert null literal to non-nullable reference type. [c:\Users\EMUDHRA-HENDRY\source\repos\DarkEngine3D_gl_csharp\DarkEngine3D_gl_csharp.csproj]
c:\Users\EMUDHRA-HENDRY\source\repos\DarkEngine3D_gl_csharp\Engine\Visual\FramebufferViewer.cs(12,16): warning CS8618: Non-nullable field '_shader' must contain a non-null value when exiting constructor. Consider adding the 'required' modifier or declaring the field as nullable. [c:\Users\EMUDHRA-HENDRY\source\repos\DarkEngine3D_gl_csharp\DarkEngine3D_gl_csharp.csproj]
c:\Users\EMUDHRA-HENDRY\source\repos\DarkEngine3D_gl_csharp\Engine\Visual\Camera.cs(70,46): warning CS8603: Possible null reference return. [c:\Users\EMUDHRA-HENDRY\source\repos\DarkEngine3D_gl_csharp\DarkEngine3D_gl_csharp.csproj]
c:\Users\EMUDHRA-HENDRY\source\repos\DarkEngine3D_gl_csharp\Engine\Objects\StaticObjectManager.cs(175,16): warning CS8618: Non-nullable field '_gridCells' must contain a non-null value when exiting constructor. Consider adding the 'required' modifier or declaring the field as nullable. [c:\Users\EMUDHRA-HENDRY\source\repos\DarkEngine3D_gl_csharp\DarkEngine3D_gl_csharp.csproj]
c:\Users\EMUDHRA-HENDRY\source\repos\DarkEngine3D_gl_csharp\Engine\Helpers\Helpers.cs(596,20): warning CS8618: Non-nullable field 'MeshToNode' must contain a non-null value when exiting constructor. Consider adding the 'required' modifier or declaring the field as nullable. [c:\Users\EMUDHRA-HENDRY\source\repos\DarkEngine3D_gl_csharp\DarkEngine3D_gl_csharp.csproj]
c:\Users\EMUDHRA-HENDRY\source\repos\DarkEngine3D_gl_csharp\Engine\Objects\CharacterAgent.cs(159,16): warning CS8618: Non-nullable field '_idleClips' must contain a non-null value when exiting constructor. Consider adding the 'required' modifier or declaring the field as nullable. [c:\Users\EMUDHRA-HENDRY\source\repos\DarkEngine3D_gl_csharp\DarkEngine3D_gl_csharp.csproj]
c:\Users\EMUDHRA-HENDRY\source\repos\DarkEngine3D_gl_csharp\Engine\Objects\CharacterAgent.cs(159,16): warning CS8618: Non-nullable field '_currentBackwardClip' must contain a non-null value when exiting constructor. Consider adding the 'required' modifier or declaring the field as nullable. [c:\Users\EMUDHRA-HENDRY\source\repos\DarkEngine3D_gl_csharp\DarkEngine3D_gl_csharp.csproj]
c:\Users\EMUDHRA-HENDRY\source\repos\DarkEngine3D_gl_csharp\Engine\Objects\CharacterAgent.cs(159,16): warning CS8618: Non-nullable field '_currentWalkingClip' must contain a non-null value when exiting constructor. Consider adding the 'required' modifier or declaring the field as nullable. [c:\Users\EMUDHRA-HENDRY\source\repos\DarkEngine3D_gl_csharp\DarkEngine3D_gl_csharp.csproj]
c:\Users\EMUDHRA-HENDRY\source\repos\DarkEngine3D_gl_csharp\Engine\Objects\CharacterAgent.cs(159,16): warning CS8618: Non-nullable field '_currentRunClip' must contain a non-null value when exiting constructor. Consider adding the 'required' modifier or declaring the field as nullable. [c:\Users\EMUDHRA-HENDRY\source\repos\DarkEngine3D_gl_csharp\DarkEngine3D_gl_csharp.csproj]
c:\Users\EMUDHRA-HENDRY\source\repos\DarkEngine3D_gl_csharp\Engine\Terrains\MapLoader.cs(108,42): warning CS8602: Dereference of a possibly null reference. [c:\Users\EMUDHRA-HENDRY\source\repos\DarkEngine3D_gl_csharp\DarkEngine3D_gl_csharp.csproj]
c:\Users\EMUDHRA-HENDRY\source\repos\DarkEngine3D_gl_csharp\Engine\Objects\StaticObjectManager.cs(377,33): warning CS8600: Converting null literal or possible null value to non-nullable type. [c:\Users\EMUDHRA-HENDRY\source\repos\DarkEngine3D_gl_csharp\DarkEngine3D_gl_csharp.csproj]
c:\Users\EMUDHRA-HENDRY\source\repos\DarkEngine3D_gl_csharp\Engine\IDE\IDE.cs(116,12): warning CS8618: Non-nullable field '_modelEditor' must contain a non-null value when exiting constructor. Consider adding the 'required' modifier or declaring the field as nullable. [c:\Users\EMUDHRA-HENDRY\source\repos\DarkEngine3D_gl_csharp\DarkEngine3D_gl_csharp.csproj]
c:\Users\EMUDHRA-HENDRY\source\repos\DarkEngine3D_gl_csharp\Engine\Scene\GameScene.cs(388,21): warning CS8602: Dereference of a possibly null reference. [c:\Users\EMUDHRA-HENDRY\source\repos\DarkEngine3D_gl_csharp\DarkEngine3D_gl_csharp.csproj]
c:\Users\EMUDHRA-HENDRY\source\repos\DarkEngine3D_gl_csharp\Engine\Objects\CharacterAgent.cs(869,24): warning CS8602: Dereference of a possibly null reference. [c:\Users\EMUDHRA-HENDRY\source\repos\DarkEngine3D_gl_csharp\DarkEngine3D_gl_csharp.csproj]
c:\Users\EMUDHRA-HENDRY\source\repos\DarkEngine3D_gl_csharp\Engine\Objects\CharacterAgent.cs(878,24): warning CS8602: Dereference of a possibly null reference. [c:\Users\EMUDHRA-HENDRY\source\repos\DarkEngine3D_gl_csharp\DarkEngine3D_gl_csharp.csproj]
c:\Users\EMUDHRA-HENDRY\source\repos\DarkEngine3D_gl_csharp\Engine\Objects\CharacterAgent.cs(923,19): warning CS8602: Dereference of a possibly null reference. [c:\Users\EMUDHRA-HENDRY\source\repos\DarkEngine3D_gl_csharp\DarkEngine3D_gl_csharp.csproj]
c:\Users\EMUDHRA-HENDRY\source\repos\DarkEngine3D_gl_csharp\Engine\Scene\GameScene.cs(715,53): warning CS8604: Possible null reference argument for parameter 'gameTerrainChunk' in 'void Camera.SetCamera(nint window, Vector3 position, TerrainChunk gameTerrainChunk, float dt, List<StaticObjectManager>? staticManagers = null, bool processInput = true)'. [c:\Users\EMUDHRA-HENDRY\source\repos\DarkEngine3D_gl_csharp\DarkEngine3D_gl_csharp.csproj]
c:\Users\EMUDHRA-HENDRY\source\repos\DarkEngine3D_gl_csharp\Engine\IDE\Panels\HierarchyPanel.cs(226,70): warning CS8602: Dereference of a possibly null reference. [c:\Users\EMUDHRA-HENDRY\source\repos\DarkEngine3D_gl_csharp\DarkEngine3D_gl_csharp.csproj]
c:\Users\EMUDHRA-HENDRY\source\repos\DarkEngine3D_gl_csharp\Engine\Scene\MainMenuScene.cs(311,9): warning CS8602: Dereference of a possibly null reference. [c:\Users\EMUDHRA-HENDRY\source\repos\DarkEngine3D_gl_csharp\DarkEngine3D_gl_csharp.csproj]
c:\Users\EMUDHRA-HENDRY\source\repos\DarkEngine3D_gl_csharp\Engine\Scene\GameScene.cs(967,21): warning CS8602: Dereference of a possibly null reference. [c:\Users\EMUDHRA-HENDRY\source\repos\DarkEngine3D_gl_csharp\DarkEngine3D_gl_csharp.csproj]
c:\Users\EMUDHRA-HENDRY\source\repos\DarkEngine3D_gl_csharp\Engine\Scene\GameScene.cs(1033,25): warning CS8602: Dereference of a possibly null reference. [c:\Users\EMUDHRA-HENDRY\source\repos\DarkEngine3D_gl_csharp\DarkEngine3D_gl_csharp.csproj]
c:\Users\EMUDHRA-HENDRY\source\repos\DarkEngine3D_gl_csharp\Engine\Scene\GameScene.cs(1039,25): warning CS8602: Dereference of a possibly null reference. [c:\Users\EMUDHRA-HENDRY\source\repos\DarkEngine3D_gl_csharp\DarkEngine3D_gl_csharp.csproj]
c:\Users\EMUDHRA-HENDRY\source\repos\DarkEngine3D_gl_csharp\Engine\Scene\GameScene.cs(1045,25): warning CS8602: Dereference of a possibly null reference. [c:\Users\EMUDHRA-HENDRY\source\repos\DarkEngine3D_gl_csharp\DarkEngine3D_gl_csharp.csproj]
c:\Users\EMUDHRA-HENDRY\source\repos\DarkEngine3D_gl_csharp\Engine\Scene\GameScene.cs(1096,80): warning CS8604: Possible null reference argument for parameter 'camera' in 'void TerrainChunk.DrawAABBWireframe(AABB aabb, Vector3 color, Camera camera)'. [c:\Users\EMUDHRA-HENDRY\source\repos\DarkEngine3D_gl_csharp\DarkEngine3D_gl_csharp.csproj]
c:\Users\EMUDHRA-HENDRY\source\repos\DarkEngine3D_gl_csharp\Engine\Scene\GameScene.cs(1107,91): warning CS8604: Possible null reference argument for parameter 'camera' in 'void TerrainChunk.DrawAABBWireframe(AABB aabb, Vector3 color, Camera camera)'. [c:\Users\EMUDHRA-HENDRY\source\repos\DarkEngine3D_gl_csharp\DarkEngine3D_gl_csharp.csproj]
c:\Users\EMUDHRA-HENDRY\source\repos\DarkEngine3D_gl_csharp\Engine\Scene\GameScene.cs(1127,39): warning CS8602: Dereference of a possibly null reference. [c:\Users\EMUDHRA-HENDRY\source\repos\DarkEngine3D_gl_csharp\DarkEngine3D_gl_csharp.csproj]
c:\Users\EMUDHRA-HENDRY\source\repos\DarkEngine3D_gl_csharp\Engine\Scene\GameScene.cs(1137,35): warning CS8604: Possible null reference argument for parameter 'source' in 'int Enumerable.Sum<StaticObjectManager>(IEnumerable<StaticObjectManager> source, Func<StaticObjectManager, int> selector)'. [c:\Users\EMUDHRA-HENDRY\source\repos\DarkEngine3D_gl_csharp\DarkEngine3D_gl_csharp.csproj]
c:\Users\EMUDHRA-HENDRY\source\repos\DarkEngine3D_gl_csharp\Engine\Scene\GameScene.cs(1184,13): warning CS8602: Dereference of a possibly null reference. [c:\Users\EMUDHRA-HENDRY\source\repos\DarkEngine3D_gl_csharp\DarkEngine3D_gl_csharp.csproj]
c:\Users\EMUDHRA-HENDRY\source\repos\DarkEngine3D_gl_csharp\Engine\Scene\GameScene.cs(1232,13): warning CS8602: Dereference of a possibly null reference. [c:\Users\EMUDHRA-HENDRY\source\repos\DarkEngine3D_gl_csharp\DarkEngine3D_gl_csharp.csproj]
c:\Users\EMUDHRA-HENDRY\source\repos\DarkEngine3D_gl_csharp\Engine\Objects\StaticObjectManager.cs(961,33): warning CS8602: Dereference of a possibly null reference. [c:\Users\EMUDHRA-HENDRY\source\repos\DarkEngine3D_gl_csharp\DarkEngine3D_gl_csharp.csproj]
c:\Users\EMUDHRA-HENDRY\source\repos\DarkEngine3D_gl_csharp\Engine\Objects\StaticObjectManager.cs(1068,25): warning CS8602: Dereference of a possibly null reference. [c:\Users\EMUDHRA-HENDRY\source\repos\DarkEngine3D_gl_csharp\DarkEngine3D_gl_csharp.csproj]
c:\Users\EMUDHRA-HENDRY\source\repos\DarkEngine3D_gl_csharp\Engine\Objects\StaticObjectManager.cs(1194,51): warning CS8604: Possible null reference argument for parameter 'csm' in 'void BillboardManager.Flush(Camera camera, Lights light, CSM csm = null)'. [c:\Users\EMUDHRA-HENDRY\source\repos\DarkEngine3D_gl_csharp\DarkEngine3D_gl_csharp.csproj]
c:\Users\EMUDHRA-HENDRY\source\repos\DarkEngine3D_gl_csharp\Engine\IDE\Panels\HierarchyPanel.cs(509,34): warning CS8602: Dereference of a possibly null reference. [c:\Users\EMUDHRA-HENDRY\source\repos\DarkEngine3D_gl_csharp\DarkEngine3D_gl_csharp.csproj]
c:\Users\EMUDHRA-HENDRY\source\repos\DarkEngine3D_gl_csharp\Engine\Objects\GltfMeshSimplifier.cs(80,33): warning CS8602: Dereference of a possibly null reference. [c:\Users\EMUDHRA-HENDRY\source\repos\DarkEngine3D_gl_csharp\DarkEngine3D_gl_csharp.csproj]
c:\Users\EMUDHRA-HENDRY\source\repos\DarkEngine3D_gl_csharp\Engine\Scene\GameScene.cs(1482,13): warning CS8602: Dereference of a possibly null reference. [c:\Users\EMUDHRA-HENDRY\source\repos\DarkEngine3D_gl_csharp\DarkEngine3D_gl_csharp.csproj]
c:\Users\EMUDHRA-HENDRY\source\repos\DarkEngine3D_gl_csharp\Engine\Scene\MainMenuScene.cs(1182,15): warning CS0219: The variable 'gridSpacing' is assigned but its value is never used [c:\Users\EMUDHRA-HENDRY\source\repos\DarkEngine3D_gl_csharp\DarkEngine3D_gl_csharp.csproj]
c:\Users\EMUDHRA-HENDRY\source\repos\DarkEngine3D_gl_csharp\Engine\Objects\Object3D.cs(40,16): warning CS8618: Non-nullable field 'localVertices' must contain a non-null value when exiting constructor. Consider adding the 'required' modifier or declaring the field as nullable. [c:\Users\EMUDHRA-HENDRY\source\repos\DarkEngine3D_gl_csharp\DarkEngine3D_gl_csharp.csproj]
c:\Users\EMUDHRA-HENDRY\source\repos\DarkEngine3D_gl_csharp\Engine\Scene\GameScene.cs(1623,13): warning CS8602: Dereference of a possibly null reference. [c:\Users\EMUDHRA-HENDRY\source\repos\DarkEngine3D_gl_csharp\DarkEngine3D_gl_csharp.csproj]
c:\Users\EMUDHRA-HENDRY\source\repos\DarkEngine3D_gl_csharp\Engine\IDE\Panels\ViewportPanel.cs(1798,43): warning CS8602: Dereference of a possibly null reference. [c:\Users\EMUDHRA-HENDRY\source\repos\DarkEngine3D_gl_csharp\DarkEngine3D_gl_csharp.csproj]
c:\Users\EMUDHRA-HENDRY\source\repos\DarkEngine3D_gl_csharp\Engine\IDE\Panels\ViewportPanel.cs(1813,34): warning CS8602: Dereference of a possibly null reference. [c:\Users\EMUDHRA-HENDRY\source\repos\DarkEngine3D_gl_csharp\DarkEngine3D_gl_csharp.csproj]
c:\Users\EMUDHRA-HENDRY\source\repos\DarkEngine3D_gl_csharp\Engine\Objects\StaticObjectManager.cs(167,37): warning CS8618: Non-nullable field 'Gpu' must contain a non-null value when exiting constructor. Consider adding the 'required' modifier or declaring the field as nullable. [c:\Users\EMUDHRA-HENDRY\source\repos\DarkEngine3D_gl_csharp\DarkEngine3D_gl_csharp.csproj]
c:\Users\EMUDHRA-HENDRY\source\repos\DarkEngine3D_gl_csharp\Engine\Objects\ObjectManager.cs(96,16): warning CS8618: Non-nullable field 'PlayerAgent' must contain a non-null value when exiting constructor. Consider adding the 'required' modifier or declaring the field as nullable. [c:\Users\EMUDHRA-HENDRY\source\repos\DarkEngine3D_gl_csharp\DarkEngine3D_gl_csharp.csproj]
c:\Users\EMUDHRA-HENDRY\source\repos\DarkEngine3D_gl_csharp\Engine\Objects\ObjectManager.cs(96,16): warning CS8618: Non-nullable field 'PlayerObject' must contain a non-null value when exiting constructor. Consider adding the 'required' modifier or declaring the field as nullable. [c:\Users\EMUDHRA-HENDRY\source\repos\DarkEngine3D_gl_csharp\DarkEngine3D_gl_csharp.csproj]
c:\Users\EMUDHRA-HENDRY\source\repos\DarkEngine3D_gl_csharp\Engine\IDE\Panels\HierarchyPanel.cs(1041,13): warning CS8602: Dereference of a possibly null reference. [c:\Users\EMUDHRA-HENDRY\source\repos\DarkEngine3D_gl_csharp\DarkEngine3D_gl_csharp.csproj]
c:\Users\EMUDHRA-HENDRY\source\repos\DarkEngine3D_gl_csharp\Engine\IDE\Panels\InspectorPanel.cs(925,23): warning CS8629: Nullable value type may be null. [c:\Users\EMUDHRA-HENDRY\source\repos\DarkEngine3D_gl_csharp\DarkEngine3D_gl_csharp.csproj]
c:\Users\EMUDHRA-HENDRY\source\repos\DarkEngine3D_gl_csharp\Engine\Objects\ObjectManager.cs(592,49): warning CS8602: Dereference of a possibly null reference. [c:\Users\EMUDHRA-HENDRY\source\repos\DarkEngine3D_gl_csharp\DarkEngine3D_gl_csharp.csproj]
c:\Users\EMUDHRA-HENDRY\source\repos\DarkEngine3D_gl_csharp\Engine\Objects\ObjectManager.cs(755,53): warning CS8604: Possible null reference argument for parameter 'csm' in 'void StaticObjectManager.Draw(Camera camera, Lights light, CSM csm = null, Matrix4x4? frozenViewProj = null, bool cullFreezeEnabled = false)'. [c:\Users\EMUDHRA-HENDRY\source\repos\DarkEngine3D_gl_csharp\DarkEngine3D_gl_csharp.csproj]
c:\Users\EMUDHRA-HENDRY\source\repos\DarkEngine3D_gl_csharp\Engine\Objects\ObjectManager.cs(757,53): warning CS8604: Possible null reference argument for parameter 'csm' in 'void StaticObjectManager.Draw(Camera camera, Lights light, CSM csm = null, Matrix4x4? frozenViewProj = null, bool cullFreezeEnabled = false)'. [c:\Users\EMUDHRA-HENDRY\source\repos\DarkEngine3D_gl_csharp\DarkEngine3D_gl_csharp.csproj]
c:\Users\EMUDHRA-HENDRY\source\repos\DarkEngine3D_gl_csharp\Engine\IDE\Panels\HierarchyPanel.cs(1852,13): warning CS8602: Dereference of a possibly null reference. [c:\Users\EMUDHRA-HENDRY\source\repos\DarkEngine3D_gl_csharp\DarkEngine3D_gl_csharp.csproj]
c:\Users\EMUDHRA-HENDRY\source\repos\DarkEngine3D_gl_csharp\Engine\Objects\GltfObject.cs(1030,40): warning CS8602: Dereference of a possibly null reference. [c:\Users\EMUDHRA-HENDRY\source\repos\DarkEngine3D_gl_csharp\DarkEngine3D_gl_csharp.csproj]
c:\Users\EMUDHRA-HENDRY\source\repos\DarkEngine3D_gl_csharp\Engine\Libs\Shader.cs(17,21): warning CS0649: Field 'Shader.rainOverlayShaderProgram' is never assigned to, and will always have its default value 0 [c:\Users\EMUDHRA-HENDRY\source\repos\DarkEngine3D_gl_csharp\DarkEngine3D_gl_csharp.csproj]
c:\Users\EMUDHRA-HENDRY\source\repos\DarkEngine3D_gl_csharp\Engine\Libs\Shader.cs(18,21): warning CS0649: Field 'Shader.rainGlassShaderProgram' is never assigned to, and will always have its default value 0 [c:\Users\EMUDHRA-HENDRY\source\repos\DarkEngine3D_gl_csharp\DarkEngine3D_gl_csharp.csproj]
c:\Users\EMUDHRA-HENDRY\source\repos\DarkEngine3D_gl_csharp\Engine\Objects\CharacterAgent.cs(95,39): warning CS0169: The field 'CharacterAgent._idleClips' is never used [c:\Users\EMUDHRA-HENDRY\source\repos\DarkEngine3D_gl_csharp\DarkEngine3D_gl_csharp.csproj]
c:\Users\EMUDHRA-HENDRY\source\repos\DarkEngine3D_gl_csharp\Engine\Libs\Shader.cs(16,21): warning CS0649: Field 'Shader.rainStreakShaderProgram' is never assigned to, and will always have its default value 0 [c:\Users\EMUDHRA-HENDRY\source\repos\DarkEngine3D_gl_csharp\DarkEngine3D_gl_csharp.csproj]
c:\Users\EMUDHRA-HENDRY\source\repos\DarkEngine3D_gl_csharp\Engine\Objects\ObjectManager.cs(45,30): warning CS0649: Field 'ObjectManager._useSkinningLoc' is never assigned to, and will always have its default value 0 [c:\Users\EMUDHRA-HENDRY\source\repos\DarkEngine3D_gl_csharp\DarkEngine3D_gl_csharp.csproj]
c:\Users\EMUDHRA-HENDRY\source\repos\DarkEngine3D_gl_csharp\Engine\Objects\CharacterAgent.cs(940,22): warning CS0414: The field 'CharacterAgent._blockPlaying' is assigned but its value is never used [c:\Users\EMUDHRA-HENDRY\source\repos\DarkEngine3D_gl_csharp\DarkEngine3D_gl_csharp.csproj]
c:\Users\EMUDHRA-HENDRY\source\repos\DarkEngine3D_gl_csharp\Engine\Objects\CharacterAgent.cs(939,22): warning CS0414: The field 'CharacterAgent._punchPlaying' is assigned but its value is never used [c:\Users\EMUDHRA-HENDRY\source\repos\DarkEngine3D_gl_csharp\DarkEngine3D_gl_csharp.csproj]
c:\Users\EMUDHRA-HENDRY\source\repos\DarkEngine3D_gl_csharp\Engine\Inputs\Keyboard.cs(45,25): warning CS0414: The field 'Keyboard.travelStartPos' is assigned but its value is never used [c:\Users\EMUDHRA-HENDRY\source\repos\DarkEngine3D_gl_csharp\DarkEngine3D_gl_csharp.csproj]
c:\Users\EMUDHRA-HENDRY\source\repos\DarkEngine3D_gl_csharp\Engine\Inputs\Keyboard.cs(48,20): warning CS0414: The field 'Keyboard.travelMeasureKey' is assigned but its value is never used [c:\Users\EMUDHRA-HENDRY\source\repos\DarkEngine3D_gl_csharp\DarkEngine3D_gl_csharp.csproj]
c:\Users\EMUDHRA-HENDRY\source\repos\DarkEngine3D_gl_csharp\Engine\Inputs\Keyboard.cs(16,22): warning CS0414: The field 'Keyboard.speedCam' is assigned but its value is never used [c:\Users\EMUDHRA-HENDRY\source\repos\DarkEngine3D_gl_csharp\DarkEngine3D_gl_csharp.csproj]
c:\Users\EMUDHRA-HENDRY\source\repos\DarkEngine3D_gl_csharp\Engine\Inputs\Keyboard.cs(44,27): warning CS0414: The field 'Keyboard.travelStopwatch' is assigned but its value is never used [c:\Users\EMUDHRA-HENDRY\source\repos\DarkEngine3D_gl_csharp\DarkEngine3D_gl_csharp.csproj]
c:\Users\EMUDHRA-HENDRY\source\repos\DarkEngine3D_gl_csharp\Engine\Objects\EditorObject.cs(56,17): warning CS0414: The field 'EditorObject._modelLoc' is assigned but its value is never used [c:\Users\EMUDHRA-HENDRY\source\repos\DarkEngine3D_gl_csharp\DarkEngine3D_gl_csharp.csproj]
c:\Users\EMUDHRA-HENDRY\source\repos\DarkEngine3D_gl_csharp\Engine\Objects\EditorObject.cs(57,34): warning CS0414: The field 'EditorObject._lightColorLoc' is assigned but its value is never used [c:\Users\EMUDHRA-HENDRY\source\repos\DarkEngine3D_gl_csharp\DarkEngine3D_gl_csharp.csproj]
c:\Users\EMUDHRA-HENDRY\source\repos\DarkEngine3D_gl_csharp\Engine\Scene\MainMenuScene.cs(96,17): warning CS0414: The field 'MainMenuScene._exitConfirmSelection' is assigned but its value is never used [c:\Users\EMUDHRA-HENDRY\source\repos\DarkEngine3D_gl_csharp\DarkEngine3D_gl_csharp.csproj]
c:\Users\EMUDHRA-HENDRY\source\repos\DarkEngine3D_gl_csharp\Engine\Objects\CharacterAgent.cs(947,22): warning CS0414: The field 'CharacterAgent._currentGait' is assigned but its value is never used [c:\Users\EMUDHRA-HENDRY\source\repos\DarkEngine3D_gl_csharp\DarkEngine3D_gl_csharp.csproj]
c:\Users\EMUDHRA-HENDRY\source\repos\DarkEngine3D_gl_csharp\Engine\Objects\EditorObject.cs(56,48): warning CS0414: The field 'EditorObject._projLoc' is assigned but its value is never used [c:\Users\EMUDHRA-HENDRY\source\repos\DarkEngine3D_gl_csharp\DarkEngine3D_gl_csharp.csproj]
c:\Users\EMUDHRA-HENDRY\source\repos\DarkEngine3D_gl_csharp\Engine\Objects\EditorObject.cs(57,17): warning CS0414: The field 'EditorObject._sunDirLoc' is assigned but its value is never used [c:\Users\EMUDHRA-HENDRY\source\repos\DarkEngine3D_gl_csharp\DarkEngine3D_gl_csharp.csproj]
c:\Users\EMUDHRA-HENDRY\source\repos\DarkEngine3D_gl_csharp\Engine\Visual\Skybox.cs(61,23): warning CS0414: The field 'Skybox.exposureState' is assigned but its value is never used [c:\Users\EMUDHRA-HENDRY\source\repos\DarkEngine3D_gl_csharp\DarkEngine3D_gl_csharp.csproj]
c:\Users\EMUDHRA-HENDRY\source\repos\DarkEngine3D_gl_csharp\Engine\Objects\CharacterAgent.cs(937,27): warning CS0414: The field 'CharacterAgent._animState' is assigned but its value is never used [c:\Users\EMUDHRA-HENDRY\source\repos\DarkEngine3D_gl_csharp\DarkEngine3D_gl_csharp.csproj]
c:\Users\EMUDHRA-HENDRY\source\repos\DarkEngine3D_gl_csharp\Engine\Objects\EditorObject.cs(56,33): warning CS0414: The field 'EditorObject._viewLoc' is assigned but its value is never used [c:\Users\EMUDHRA-HENDRY\source\repos\DarkEngine3D_gl_csharp\DarkEngine3D_gl_csharp.csproj]
c:\Users\EMUDHRA-HENDRY\source\repos\DarkEngine3D_gl_csharp\Engine\Config\Config.cs(226,39): warning CS0414: The field 'PlayerConfig._verticalVelocity' is assigned but its value is never used [c:\Users\EMUDHRA-HENDRY\source\repos\DarkEngine3D_gl_csharp\DarkEngine3D_gl_csharp.csproj]
c:\Users\EMUDHRA-HENDRY\source\repos\DarkEngine3D_gl_csharp\Engine\Inputs\Keyboard.cs(46,25): warning CS0414: The field 'Keyboard.travelTargetPos' is assigned but its value is never used [c:\Users\EMUDHRA-HENDRY\source\repos\DarkEngine3D_gl_csharp\DarkEngine3D_gl_csharp.csproj]
c:\Users\EMUDHRA-HENDRY\source\repos\DarkEngine3D_gl_csharp\Engine\Scene\MainMenuScene.cs(100,17): warning CS0414: The field 'MainMenuScene._settingsLastHoveredRow' is assigned but its value is never used [c:\Users\EMUDHRA-HENDRY\source\repos\DarkEngine3D_gl_csharp\DarkEngine3D_gl_csharp.csproj]
c:\Users\EMUDHRA-HENDRY\source\repos\DarkEngine3D_gl_csharp\Engine\Objects\EditorObject.cs(58,34): warning CS0414: The field 'EditorObject._fogColorLoc' is assigned but its value is never used [c:\Users\EMUDHRA-HENDRY\source\repos\DarkEngine3D_gl_csharp\DarkEngine3D_gl_csharp.csproj]
c:\Users\EMUDHRA-HENDRY\source\repos\DarkEngine3D_gl_csharp\Engine\Objects\EditorObject.cs(57,55): warning CS0414: The field 'EditorObject._viewPosLoc' is assigned but its value is never used [c:\Users\EMUDHRA-HENDRY\source\repos\DarkEngine3D_gl_csharp\DarkEngine3D_gl_csharp.csproj]
c:\Users\EMUDHRA-HENDRY\source\repos\DarkEngine3D_gl_csharp\Engine\Objects\EditorObject.cs(58,17): warning CS0414: The field 'EditorObject._useFogLoc' is assigned but its value is never used [c:\Users\EMUDHRA-HENDRY\source\repos\DarkEngine3D_gl_csharp\DarkEngine3D_gl_csharp.csproj]
c:\Users\EMUDHRA-HENDRY\source\repos\DarkEngine3D_gl_csharp\Engine\Inputs\Keyboard.cs(47,21): warning CS0414: The field 'Keyboard.isMeasuringTravel' is assigned but its value is never used [c:\Users\EMUDHRA-HENDRY\source\repos\DarkEngine3D_gl_csharp\DarkEngine3D_gl_csharp.csproj]
    79 Warning(s)
    0 Error(s)

Time Elapsed 00:00:05.48
